2018/06/14 20:28:45 [WARN][[hello 4]] [logkit.Error() W:/ServerKit/src/logkit/log.go:113]
2018/06/14 20:28:45 [WARN][[hello %d 8]] [logkit.Error() W:/ServerKit/src/logkit/log.go:113]
2018/06/14 20:29:36 [WARN][[hello 4]] [logkit.Error() W:/ServerKit/src/logkit/log.go:113]
2018/06/14 20:29:36 [ERROR]hello [[8]] [logkit.Errorf() W:/ServerKit/src/logkit/log.go:107]
2018/06/14 20:30:39 [WARN][[hello 4]] [main.main() W:/ServerKit/src/main/main.go:13]
2018/06/14 20:30:39 [ERROR]hello [[8]] [main.main() W:/ServerKit/src/main/main.go:17]
2018/06/14 20:32:22 [WARN][[hello 4]] [main.main() W:/ServerKit/src/main/main.go:13]
2018/06/14 20:32:22 [ERROR]hello [[8]] [main.main() W:/ServerKit/src/main/main.go:17]
2018/06/14 20:36:32 [WARN][[hello 4]] [main.main() W:/ServerKit/src/main/main.go:13]
2018/06/14 20:36:32 [ERROR]hello [[8]] [main.main() W:/ServerKit/src/main/main.go:17]
2018/06/14 20:36:56 [WARN][[hello 4]] [main.main() W:/ServerKit/src/main/main.go:13]
2018/06/14 20:36:56 [ERROR]hello [[8]] [main.main() W:/ServerKit/src/main/main.go:17]
2018/06/14 20:37:41 [WARN][[hello 4]] [main.main() W:/ServerKit/src/main/main.go:13]
2018/06/14 20:37:41 [ERROR]hello [[8]] [main.main() W:/ServerKit/src/main/main.go:17]
2018/06/14 20:40:54 [WARN][[hello 4]] [main.main() W:/ServerKit/src/main/main.go:13]
2018/06/14 20:40:54 [ERROR]hello [[8]] [main.main() W:/ServerKit/src/main/main.go:17]
2018/06/14 20:41:07 [WARN][[hello 4]] [main.main() W:/ServerKit/src/main/main.go:13]
2018/06/14 20:41:07 [ERROR]hello [[8]] [main.main() W:/ServerKit/src/main/main.go:17]
2018/06/14 20:41:38 [WARN][[hello 4]] [main.main() W:/ServerKit/src/main/main.go:13]
2018/06/14 20:41:38 [ERROR]hello [[8]] [main.main() W:/ServerKit/src/main/main.go:17]
2018/06/14 20:43:37 [WARN][hello 4] [main.main() W:/ServerKit/src/main/main.go:13]
2018/06/14 20:43:37 [ERROR]hello [8] [main.main() W:/ServerKit/src/main/main.go:17]
2018/06/14 20:44:10 [WARN][hello 4] [main.main() W:/ServerKit/src/main/main.go:13]
2018/06/14 20:44:10 [ERROR]hello [8] [main.main() W:/ServerKit/src/main/main.go:17]
2018/06/14 20:45:01 [WARN][hello 4] [main.main() W:/ServerKit/src/main/main.go:13]
2018/06/14 20:45:01 [ERROR]hello [8] [main.main() W:/ServerKit/src/main/main.go:17]
2018/06/14 20:49:18 [WARN][hello 4] [main.main() W:/ServerKit/src/main/main.go:13]
2018/06/14 20:49:18 [ERROR]hello [8] [main.main() W:/ServerKit/src/main/main.go:17]
2018/06/14 21:06:21 [WARN][hello 4] [main.main() W:/ServerKit/src/main/main.go:13]
2018/06/14 21:06:21 [ERROR]hello [8] [main.main() W:/ServerKit/src/main/main.go:17]
2018/06/14 21:08:43 [WARN]hello 4 [main.main() W:/ServerKit/src/main/main.go:13]
2018/06/14 21:08:43 [ERROR]hello 8 [main.main() W:/ServerKit/src/main/main.go:17]
2018/06/14 21:09:36 [WARN]hello 4 [main.main() W:/ServerKit/src/main/main.go:13]
2018/06/14 21:09:36 [ERROR]hello 8 [main.main() W:/ServerKit/src/main/main.go:17]
2018/06/15 11:34:39 [WARN]hello 4 [main.main() W:/ServerKit/src/main/main.go:13]
2018/06/15 11:34:39 [ERROR]hello 8 [main.main() W:/ServerKit/src/main/main.go:17]
2018/06/15 11:38:14 [031;1m[ WARN][031;0mhello 4 [main.main() W:/ServerKit/src/main/main.go:13]
2018/06/15 11:38:14 [031;1m[ERROR][031;0mhello 8 [main.main() W:/ServerKit/src/main/main.go:17]
2018/06/15 11:38:41 [033;1m[ WARN][033;0mhello 4 [main.main() W:/ServerKit/src/main/main.go:13]
2018/06/15 11:38:41 [031;1m[ERROR][031;0mhello 8 [main.main() W:/ServerKit/src/main/main.go:17]
2018/06/15 11:40:18 [033;1m[ WARN][033;0mhello 4 [main.main() W:/ServerKit/src/main/main.go:13]
2018/06/15 11:40:18 [031;1m[ERROR][031;0mhello 8 [main.main() W:/ServerKit/src/main/main.go:17]
2018/06/15 11:40:53 [031;1m[ERROR][031;0mhello 4 [main.main() W:/ServerKit/src/main/main.go:13]
2018/06/15 11:40:53 [031;1m[ERROR][031;0mhello 8 [main.main() W:/ServerKit/src/main/main.go:17]
